// Jest Snapshot v1, https://goo.gl/fbAQLP

exports[`SearchByButton component should be render correctly 1`] = `ShallowWrapper {}`;
