// Jest Snapshot v1, https://goo.gl/fbAQLP

exports[`BuggyButton component should be render correctly 1`] = `ShallowWrapper {}`;
